main.c:57:6:display7SEG	32	static
main.c:81:6:setTimer0	16	static
main.c:85:6:timer_run	4	static
main.c:94:6:setTimer1	16	static
main.c:98:6:timer_run1	4	static
main.c:107:6:setTimer2	16	static
main.c:111:6:timer_run2	4	static
main.c:120:6:setTimer3	16	static
main.c:124:6:timer_run3	4	static
main.c:135:6:update7SEG	16	static
main.c:160:6:updateClockBuffer	24	static
main.c:178:5:main	8	static
main.c:259:6:SystemClock_Config	72	static
main.c:295:13:MX_TIM2_Init	32	static
main.c:340:13:MX_GPIO_Init	32	static
main.c:378:6:HAL_TIM_PeriodElapsedCallback	16	static
main.c:509:6:Error_Handler	4	static,ignoring_inline_asm
